mode: set
avito-kitchen/backend/internal/services/menu_item_service.go:17.101,22.2 1 1
avito-kitchen/backend/internal/services/menu_item_service.go:25.150,38.49 3 1
avito-kitchen/backend/internal/services/menu_item_service.go:38.49,40.3 1 1
avito-kitchen/backend/internal/services/menu_item_service.go:41.2,41.18 1 1
avito-kitchen/backend/internal/services/menu_item_service.go:45.100,47.2 1 1
avito-kitchen/backend/internal/services/menu_item_service.go:50.137,56.2 2 1
avito-kitchen/backend/internal/services/menu_item_service.go:59.99,65.2 2 1
avito-kitchen/backend/internal/services/order_service.go:26.17,33.2 1 1
avito-kitchen/backend/internal/services/order_service.go:39.27,48.16 3 1
avito-kitchen/backend/internal/services/order_service.go:48.16,49.47 1 1
avito-kitchen/backend/internal/services/order_service.go:49.47,51.4 1 1
avito-kitchen/backend/internal/services/order_service.go:52.3,52.62 1 0
avito-kitchen/backend/internal/services/order_service.go:54.2,54.20 1 1
avito-kitchen/backend/internal/services/order_service.go:54.20,56.3 1 0
avito-kitchen/backend/internal/services/order_service.go:59.2,59.49 1 1
avito-kitchen/backend/internal/services/order_service.go:59.49,61.3 1 1
avito-kitchen/backend/internal/services/order_service.go:64.2,67.33 3 1
avito-kitchen/backend/internal/services/order_service.go:67.33,69.17 2 1
avito-kitchen/backend/internal/services/order_service.go:69.17,70.48 1 1
avito-kitchen/backend/internal/services/order_service.go:70.48,72.5 1 1
avito-kitchen/backend/internal/services/order_service.go:73.4,73.62 1 0
avito-kitchen/backend/internal/services/order_service.go:75.3,75.28 1 1
avito-kitchen/backend/internal/services/order_service.go:75.28,77.4 1 1
avito-kitchen/backend/internal/services/order_service.go:78.3,78.44 1 1
avito-kitchen/backend/internal/services/order_service.go:78.44,80.4 1 0
avito-kitchen/backend/internal/services/order_service.go:82.3,87.56 2 1
avito-kitchen/backend/internal/services/order_service.go:91.2,102.28 3 1
avito-kitchen/backend/internal/services/order_service.go:102.28,104.3 1 1
avito-kitchen/backend/internal/services/order_service.go:106.2,106.65 1 1
avito-kitchen/backend/internal/services/order_service.go:106.65,108.3 1 0
avito-kitchen/backend/internal/services/order_service.go:110.2,115.19 2 1
avito-kitchen/backend/internal/services/order_service.go:120.72,131.24 7 1
avito-kitchen/backend/internal/services/order_service.go:131.24,133.3 1 0
avito-kitchen/backend/internal/services/order_service.go:135.2,135.42 1 1
avito-kitchen/backend/internal/services/order_service.go:135.42,137.3 1 1
avito-kitchen/backend/internal/services/order_service.go:138.2,138.12 1 1
avito-kitchen/backend/internal/services/order_service.go:142.91,144.2 1 1
avito-kitchen/backend/internal/services/order_service.go:147.161,153.2 2 0
avito-kitchen/backend/internal/services/order_service.go:156.102,163.16 3 1
avito-kitchen/backend/internal/services/order_service.go:163.16,165.3 1 0
avito-kitchen/backend/internal/services/order_service.go:167.2,167.39 1 1
avito-kitchen/backend/internal/services/order_service.go:167.39,169.3 1 1
avito-kitchen/backend/internal/services/order_service.go:171.2,171.58 1 1
avito-kitchen/backend/internal/services/order_service.go:175.78,177.2 1 0
avito-kitchen/backend/internal/services/restaurant_service.go:19.107,24.2 1 1
avito-kitchen/backend/internal/services/restaurant_service.go:27.152,39.49 3 1
avito-kitchen/backend/internal/services/restaurant_service.go:39.49,41.3 1 1
avito-kitchen/backend/internal/services/restaurant_service.go:42.2,42.18 1 1
avito-kitchen/backend/internal/services/restaurant_service.go:46.106,49.2 2 1
avito-kitchen/backend/internal/services/restaurant_service.go:52.128,55.2 2 1
avito-kitchen/backend/internal/repositories/menu_item_repo.go:20.88,22.2 1 0
avito-kitchen/backend/internal/repositories/menu_item_repo.go:25.89,35.16 5 0
avito-kitchen/backend/internal/repositories/menu_item_repo.go:35.16,36.36 1 0
avito-kitchen/backend/internal/repositories/menu_item_repo.go:36.36,39.4 2 0
avito-kitchen/backend/internal/repositories/menu_item_repo.go:40.3,41.57 2 0
avito-kitchen/backend/internal/repositories/menu_item_repo.go:43.2,43.19 1 0
avito-kitchen/backend/internal/repositories/menu_item_repo.go:47.130,56.19 4 0
avito-kitchen/backend/internal/repositories/menu_item_repo.go:56.19,58.3 1 0
avito-kitchen/backend/internal/repositories/menu_item_repo.go:59.2,62.16 3 0
avito-kitchen/backend/internal/repositories/menu_item_repo.go:62.16,65.3 2 0
avito-kitchen/backend/internal/repositories/menu_item_repo.go:66.2,69.18 3 0
avito-kitchen/backend/internal/repositories/menu_item_repo.go:69.18,73.17 3 0
avito-kitchen/backend/internal/repositories/menu_item_repo.go:73.17,76.4 2 0
avito-kitchen/backend/internal/repositories/menu_item_repo.go:77.3,77.29 1 0
avito-kitchen/backend/internal/repositories/menu_item_repo.go:79.2,79.34 1 0
avito-kitchen/backend/internal/repositories/menu_item_repo.go:79.34,81.3 1 0
avito-kitchen/backend/internal/repositories/menu_item_repo.go:82.2,82.19 1 0
avito-kitchen/backend/internal/repositories/menu_item_repo.go:86.81,100.16 4 0
avito-kitchen/backend/internal/repositories/menu_item_repo.go:100.16,103.3 2 0
avito-kitchen/backend/internal/repositories/menu_item_repo.go:104.2,105.12 2 0
avito-kitchen/backend/internal/repositories/menu_item_repo.go:109.96,117.16 4 0
avito-kitchen/backend/internal/repositories/menu_item_repo.go:117.16,120.3 2 0
avito-kitchen/backend/internal/repositories/menu_item_repo.go:121.2,121.32 1 0
avito-kitchen/backend/internal/repositories/menu_item_repo.go:121.32,124.3 2 0
avito-kitchen/backend/internal/repositories/menu_item_repo.go:125.2,129.12 2 0
avito-kitchen/backend/internal/repositories/order_repo.go:21.82,23.2 1 0
avito-kitchen/backend/internal/repositories/order_repo.go:26.83,37.16 5 0
avito-kitchen/backend/internal/repositories/order_repo.go:37.16,38.36 1 0
avito-kitchen/backend/internal/repositories/order_repo.go:38.36,41.4 2 0
avito-kitchen/backend/internal/repositories/order_repo.go:42.3,43.53 2 0
avito-kitchen/backend/internal/repositories/order_repo.go:45.2,45.20 1 0
avito-kitchen/backend/internal/repositories/order_repo.go:49.103,56.16 3 0
avito-kitchen/backend/internal/repositories/order_repo.go:56.16,59.3 2 0
avito-kitchen/backend/internal/repositories/order_repo.go:60.2,71.16 4 0
avito-kitchen/backend/internal/repositories/order_repo.go:71.16,74.3 2 0
avito-kitchen/backend/internal/repositories/order_repo.go:77.2,77.29 1 0
avito-kitchen/backend/internal/repositories/order_repo.go:77.29,85.17 4 0
avito-kitchen/backend/internal/repositories/order_repo.go:85.17,91.4 2 0
avito-kitchen/backend/internal/repositories/order_repo.go:94.2,94.39 1 0
avito-kitchen/backend/internal/repositories/order_repo.go:94.39,97.3 2 0
avito-kitchen/backend/internal/repositories/order_repo.go:99.2,103.12 2 0
avito-kitchen/backend/internal/repositories/order_repo.go:107.151,115.31 2 0
avito-kitchen/backend/internal/repositories/order_repo.go:115.31,117.3 1 0
avito-kitchen/backend/internal/repositories/order_repo.go:119.2,125.18 3 0
avito-kitchen/backend/internal/repositories/order_repo.go:125.18,128.3 2 0
avito-kitchen/backend/internal/repositories/order_repo.go:129.2,133.16 4 0
avito-kitchen/backend/internal/repositories/order_repo.go:133.16,136.3 2 0
avito-kitchen/backend/internal/repositories/order_repo.go:137.2,141.18 4 0
avito-kitchen/backend/internal/repositories/order_repo.go:141.18,146.17 3 0
avito-kitchen/backend/internal/repositories/order_repo.go:146.17,149.4 2 0
avito-kitchen/backend/internal/repositories/order_repo.go:150.3,151.16 2 0
avito-kitchen/backend/internal/repositories/order_repo.go:153.2,153.34 1 0
avito-kitchen/backend/internal/repositories/order_repo.go:153.34,155.3 1 0
avito-kitchen/backend/internal/repositories/order_repo.go:157.2,158.26 2 0
avito-kitchen/backend/internal/repositories/order_repo.go:158.26,160.3 1 0
avito-kitchen/backend/internal/repositories/order_repo.go:160.8,162.3 1 0
avito-kitchen/backend/internal/repositories/order_repo.go:163.2,163.32 1 0
avito-kitchen/backend/internal/repositories/order_repo.go:167.91,175.16 4 0
avito-kitchen/backend/internal/repositories/order_repo.go:175.16,178.3 2 0
avito-kitchen/backend/internal/repositories/order_repo.go:179.2,179.32 1 0
avito-kitchen/backend/internal/repositories/order_repo.go:179.32,182.3 2 0
avito-kitchen/backend/internal/repositories/order_repo.go:183.2,187.12 2 0
avito-kitchen/backend/internal/repositories/order_repo.go:191.76,205.16 4 0
avito-kitchen/backend/internal/repositories/order_repo.go:205.16,208.3 2 0
avito-kitchen/backend/internal/repositories/order_repo.go:209.2,209.32 1 0
avito-kitchen/backend/internal/repositories/order_repo.go:209.32,212.3 2 0
avito-kitchen/backend/internal/repositories/order_repo.go:213.2,214.12 2 0
avito-kitchen/backend/internal/repositories/restaurant_repo.go:21.92,23.2 1 0
avito-kitchen/backend/internal/repositories/restaurant_repo.go:26.93,36.16 5 0
avito-kitchen/backend/internal/repositories/restaurant_repo.go:36.16,37.36 1 0
avito-kitchen/backend/internal/repositories/restaurant_repo.go:37.36,40.4 2 0
avito-kitchen/backend/internal/repositories/restaurant_repo.go:41.3,42.58 2 0
avito-kitchen/backend/internal/repositories/restaurant_repo.go:44.2,44.19 1 0
avito-kitchen/backend/internal/repositories/restaurant_repo.go:48.91,59.16 4 0
avito-kitchen/backend/internal/repositories/restaurant_repo.go:59.16,62.3 2 0
avito-kitchen/backend/internal/repositories/restaurant_repo.go:63.2,64.12 2 0
avito-kitchen/backend/internal/repositories/restaurant_repo.go:68.114,74.31 2 0
avito-kitchen/backend/internal/repositories/restaurant_repo.go:74.31,76.3 1 0
avito-kitchen/backend/internal/repositories/restaurant_repo.go:78.2,85.16 3 0
avito-kitchen/backend/internal/repositories/restaurant_repo.go:85.16,88.3 2 0
avito-kitchen/backend/internal/repositories/restaurant_repo.go:89.2,93.18 4 0
avito-kitchen/backend/internal/repositories/restaurant_repo.go:93.18,97.17 3 0
avito-kitchen/backend/internal/repositories/restaurant_repo.go:97.17,100.4 2 0
avito-kitchen/backend/internal/repositories/restaurant_repo.go:101.3,102.19 2 0
avito-kitchen/backend/internal/repositories/restaurant_repo.go:104.2,104.34 1 0
avito-kitchen/backend/internal/repositories/restaurant_repo.go:104.34,106.3 1 0
avito-kitchen/backend/internal/repositories/restaurant_repo.go:108.2,109.31 2 0
avito-kitchen/backend/internal/repositories/restaurant_repo.go:109.31,111.3 1 0
avito-kitchen/backend/internal/repositories/restaurant_repo.go:111.8,113.3 1 0
avito-kitchen/backend/internal/repositories/restaurant_repo.go:115.2,115.37 1 0
avito-kitchen/backend/internal/models/order.go:44.56,46.9 2 0
avito-kitchen/backend/internal/models/order.go:46.9,48.3 1 0
avito-kitchen/backend/internal/models/order.go:49.2,49.28 1 0
avito-kitchen/backend/internal/models/order.go:49.28,50.21 1 0
avito-kitchen/backend/internal/models/order.go:50.21,52.4 1 0
avito-kitchen/backend/internal/models/order.go:54.2,54.14 1 0
avito-kitchen/backend/internal/logger/logger.go:39.70,41.2 1 0
avito-kitchen/backend/internal/logger/logger.go:43.50,44.50 1 0
avito-kitchen/backend/internal/logger/logger.go:44.50,46.3 1 0
avito-kitchen/backend/internal/logger/logger.go:47.2,47.21 1 0
avito-kitchen/backend/internal/logger/logger.go:55.78,57.2 1 0
avito-kitchen/backend/internal/logger/logger.go:59.75,61.20 2 0
avito-kitchen/backend/internal/logger/logger.go:61.20,63.3 1 0
avito-kitchen/backend/internal/logger/logger.go:64.2,64.24 1 0
avito-kitchen/backend/internal/logger/logger.go:64.24,66.3 1 0
avito-kitchen/backend/internal/logger/logger.go:67.2,67.21 1 0
avito-kitchen/backend/internal/logger/logger.go:67.21,69.3 1 0
avito-kitchen/backend/internal/logger/logger.go:70.2,70.30 1 0
avito-kitchen/backend/internal/logger/logger.go:73.68,75.2 1 0
avito-kitchen/backend/internal/logger/logger.go:77.62,79.2 1 0
avito-kitchen/backend/internal/logger/logger.go:82.35,85.21 2 0
avito-kitchen/backend/internal/logger/logger.go:85.21,93.3 1 0
avito-kitchen/backend/internal/logger/logger.go:95.2,98.14 3 0
avito-kitchen/backend/internal/logger/logger.go:98.14,100.3 1 0
avito-kitchen/backend/internal/logger/logger.go:100.8,102.3 1 0
avito-kitchen/backend/internal/logger/logger.go:104.2,104.20 1 0
avito-kitchen/backend/internal/logger/logger.go:104.20,106.3 1 0
avito-kitchen/backend/internal/logger/logger.go:108.2,108.26 1 0
avito-kitchen/backend/internal/logger/logger.go:112.29,118.2 1 0
avito-kitchen/backend/internal/server/server.go:23.53,24.54 1 0
avito-kitchen/backend/internal/server/server.go:24.54,27.3 2 0
avito-kitchen/backend/internal/server/server.go:32.66,41.12 2 0
avito-kitchen/backend/internal/server/server.go:41.12,43.77 2 0
avito-kitchen/backend/internal/server/server.go:43.77,46.4 2 0
avito-kitchen/backend/internal/server/server.go:49.2,56.50 7 0
avito-kitchen/backend/internal/server/server.go:56.50,59.3 2 0
avito-kitchen/backend/internal/server/server.go:60.2,61.12 2 0
avito-kitchen/backend/internal/server/server.go:71.18,95.2 14 0
avito-kitchen/backend/internal/database/pool.go:21.91,33.16 4 0
avito-kitchen/backend/internal/database/pool.go:33.16,36.3 2 0
avito-kitchen/backend/internal/database/pool.go:39.2,39.39 1 0
avito-kitchen/backend/internal/database/pool.go:39.39,42.3 2 0
avito-kitchen/backend/internal/database/pool.go:44.2,45.18 2 0
avito-kitchen/backend/internal/mapper/mapper.go:9.61,21.2 1 0
avito-kitchen/backend/internal/mapper/mapper.go:23.67,25.27 2 0
avito-kitchen/backend/internal/mapper/mapper.go:25.27,27.3 1 0
avito-kitchen/backend/internal/mapper/mapper.go:28.2,28.13 1 0
avito-kitchen/backend/internal/mapper/mapper.go:31.75,42.2 1 0
avito-kitchen/backend/internal/mapper/mapper.go:44.87,46.32 2 0
avito-kitchen/backend/internal/mapper/mapper.go:46.32,48.3 1 0
avito-kitchen/backend/internal/mapper/mapper.go:49.2,49.13 1 0
avito-kitchen/backend/internal/mapper/mapper.go:52.69,62.2 1 0
avito-kitchen/backend/internal/mapper/mapper.go:64.75,66.27 2 0
avito-kitchen/backend/internal/mapper/mapper.go:66.27,68.3 1 0
avito-kitchen/backend/internal/mapper/mapper.go:69.2,69.13 1 0
avito-kitchen/backend/cmd/app/main.go:17.13,43.16 6 0
avito-kitchen/backend/cmd/app/main.go:43.16,46.3 2 0
avito-kitchen/backend/cmd/app/main.go:47.2,70.50 13 0
avito-kitchen/backend/cmd/app/main.go:70.50,73.3 2 0
avito-kitchen/backend/cmd/app/main.go:80.46,81.42 1 0
avito-kitchen/backend/cmd/app/main.go:81.42,83.3 1 0
avito-kitchen/backend/cmd/app/main.go:84.2,84.21 1 0
avito-kitchen/backend/internal/handlers/menu_handler.go:21.90,23.2 1 0
avito-kitchen/backend/internal/handlers/menu_handler.go:25.72,28.37 3 0
avito-kitchen/backend/internal/handlers/menu_handler.go:28.37,31.3 2 0
avito-kitchen/backend/internal/handlers/menu_handler.go:32.2,35.16 3 0
avito-kitchen/backend/internal/handlers/menu_handler.go:35.16,36.47 1 0
avito-kitchen/backend/internal/handlers/menu_handler.go:36.47,39.4 2 0
avito-kitchen/backend/internal/handlers/menu_handler.go:40.3,42.9 3 0
avito-kitchen/backend/internal/handlers/menu_handler.go:45.2,46.35 2 0
avito-kitchen/backend/internal/handlers/menu_handler.go:49.78,51.61 2 0
avito-kitchen/backend/internal/handlers/menu_handler.go:51.61,55.3 3 0
avito-kitchen/backend/internal/handlers/menu_handler.go:56.2,56.27 1 0
avito-kitchen/backend/internal/handlers/menu_handler.go:56.27,59.3 2 0
avito-kitchen/backend/internal/handlers/menu_handler.go:60.2,60.20 1 0
avito-kitchen/backend/internal/handlers/menu_handler.go:60.20,63.3 2 0
avito-kitchen/backend/internal/handlers/menu_handler.go:64.2,64.19 1 0
avito-kitchen/backend/internal/handlers/menu_handler.go:64.19,67.3 2 0
avito-kitchen/backend/internal/handlers/menu_handler.go:69.2,70.16 2 0
avito-kitchen/backend/internal/handlers/menu_handler.go:70.16,71.47 1 0
avito-kitchen/backend/internal/handlers/menu_handler.go:71.47,74.4 2 0
avito-kitchen/backend/internal/handlers/menu_handler.go:75.3,77.9 3 0
avito-kitchen/backend/internal/handlers/menu_handler.go:80.2,81.40 2 0
avito-kitchen/backend/internal/handlers/menu_handler.go:84.82,87.27 3 0
avito-kitchen/backend/internal/handlers/menu_handler.go:87.27,90.3 2 0
avito-kitchen/backend/internal/handlers/menu_handler.go:92.2,93.61 2 0
avito-kitchen/backend/internal/handlers/menu_handler.go:93.61,96.3 2 0
avito-kitchen/backend/internal/handlers/menu_handler.go:98.2,98.85 1 0
avito-kitchen/backend/internal/handlers/menu_handler.go:98.85,99.47 1 0
avito-kitchen/backend/internal/handlers/menu_handler.go:99.47,102.4 2 0
avito-kitchen/backend/internal/handlers/menu_handler.go:103.3,105.9 3 0
avito-kitchen/backend/internal/handlers/menu_handler.go:107.2,107.83 1 0
avito-kitchen/backend/internal/handlers/order_handler.go:21.89,23.2 1 0
avito-kitchen/backend/internal/handlers/order_handler.go:25.76,27.61 2 0
avito-kitchen/backend/internal/handlers/order_handler.go:27.61,31.3 3 0
avito-kitchen/backend/internal/handlers/order_handler.go:33.2,33.27 1 0
avito-kitchen/backend/internal/handlers/order_handler.go:33.27,36.3 2 0
avito-kitchen/backend/internal/handlers/order_handler.go:37.2,37.23 1 0
avito-kitchen/backend/internal/handlers/order_handler.go:37.23,40.3 2 0
avito-kitchen/backend/internal/handlers/order_handler.go:41.2,41.25 1 0
avito-kitchen/backend/internal/handlers/order_handler.go:41.25,44.3 2 0
avito-kitchen/backend/internal/handlers/order_handler.go:45.2,45.33 1 0
avito-kitchen/backend/internal/handlers/order_handler.go:45.33,46.27 1 0
avito-kitchen/backend/internal/handlers/order_handler.go:46.27,49.4 2 0
avito-kitchen/backend/internal/handlers/order_handler.go:50.3,50.25 1 0
avito-kitchen/backend/internal/handlers/order_handler.go:50.25,53.4 2 0
avito-kitchen/backend/internal/handlers/order_handler.go:56.2,60.33 2 0
avito-kitchen/backend/internal/handlers/order_handler.go:60.33,68.3 1 0
avito-kitchen/backend/internal/handlers/order_handler.go:70.2,73.16 3 0
avito-kitchen/backend/internal/handlers/order_handler.go:73.16,75.10 2 0
avito-kitchen/backend/internal/handlers/order_handler.go:76.49,77.64 1 0
avito-kitchen/backend/internal/handlers/order_handler.go:78.11,79.69 1 0
avito-kitchen/backend/internal/handlers/order_handler.go:81.3,81.9 1 0
avito-kitchen/backend/internal/handlers/order_handler.go:84.2,85.40 2 0
avito-kitchen/backend/internal/handlers/order_handler.go:88.73,91.27 3 0
avito-kitchen/backend/internal/handlers/order_handler.go:91.27,94.3 2 0
avito-kitchen/backend/internal/handlers/order_handler.go:96.2,97.16 2 0
avito-kitchen/backend/internal/handlers/order_handler.go:97.16,98.47 1 0
avito-kitchen/backend/internal/handlers/order_handler.go:98.47,101.4 2 0
avito-kitchen/backend/internal/handlers/order_handler.go:102.3,104.9 3 0
avito-kitchen/backend/internal/handlers/order_handler.go:107.2,108.35 2 0
avito-kitchen/backend/internal/handlers/order_handler.go:111.88,113.27 2 0
avito-kitchen/backend/internal/handlers/order_handler.go:113.27,116.3 2 0
avito-kitchen/backend/internal/handlers/order_handler.go:117.2,118.37 2 0
avito-kitchen/backend/internal/handlers/order_handler.go:118.37,121.3 2 0
avito-kitchen/backend/internal/handlers/order_handler.go:123.2,126.20 4 0
avito-kitchen/backend/internal/handlers/order_handler.go:126.20,127.72 1 0
avito-kitchen/backend/internal/handlers/order_handler.go:127.72,129.4 1 0
avito-kitchen/backend/internal/handlers/order_handler.go:131.2,133.21 3 0
avito-kitchen/backend/internal/handlers/order_handler.go:133.21,134.73 1 0
avito-kitchen/backend/internal/handlers/order_handler.go:134.73,136.4 1 0
avito-kitchen/backend/internal/handlers/order_handler.go:139.2,140.16 2 0
avito-kitchen/backend/internal/handlers/order_handler.go:140.16,144.3 3 0
avito-kitchen/backend/internal/handlers/order_handler.go:146.2,150.4 2 0
avito-kitchen/backend/internal/handlers/order_handler.go:153.82,156.27 3 0
avito-kitchen/backend/internal/handlers/order_handler.go:156.27,159.3 2 0
avito-kitchen/backend/internal/handlers/order_handler.go:161.2,162.61 2 0
avito-kitchen/backend/internal/handlers/order_handler.go:162.61,165.3 2 0
avito-kitchen/backend/internal/handlers/order_handler.go:166.2,166.22 1 0
avito-kitchen/backend/internal/handlers/order_handler.go:166.22,169.3 2 0
avito-kitchen/backend/internal/handlers/order_handler.go:171.2,171.81 1 0
avito-kitchen/backend/internal/handlers/order_handler.go:171.81,172.47 1 0
avito-kitchen/backend/internal/handlers/order_handler.go:172.47,175.4 2 0
avito-kitchen/backend/internal/handlers/order_handler.go:176.3,178.9 3 0
avito-kitchen/backend/internal/handlers/order_handler.go:180.2,180.77 1 0
avito-kitchen/backend/internal/handlers/order_handler.go:183.76,186.27 3 0
avito-kitchen/backend/internal/handlers/order_handler.go:186.27,189.3 2 0
avito-kitchen/backend/internal/handlers/order_handler.go:191.2,191.63 1 0
avito-kitchen/backend/internal/handlers/order_handler.go:191.63,192.47 1 0
avito-kitchen/backend/internal/handlers/order_handler.go:192.47,195.4 2 0
avito-kitchen/backend/internal/handlers/order_handler.go:196.3,198.9 3 0
avito-kitchen/backend/internal/handlers/order_handler.go:200.2,200.78 1 0
avito-kitchen/backend/internal/handlers/response.go:8.69,12.2 3 0
avito-kitchen/backend/internal/handlers/response.go:15.74,17.2 1 0
avito-kitchen/backend/internal/handlers/restaurant_handler.go:21.104,23.2 1 0
avito-kitchen/backend/internal/handlers/restaurant_handler.go:25.85,28.20 3 0
avito-kitchen/backend/internal/handlers/restaurant_handler.go:28.20,29.72 1 0
avito-kitchen/backend/internal/handlers/restaurant_handler.go:29.72,31.4 1 0
avito-kitchen/backend/internal/handlers/restaurant_handler.go:33.2,35.21 3 0
avito-kitchen/backend/internal/handlers/restaurant_handler.go:35.21,36.73 1 0
avito-kitchen/backend/internal/handlers/restaurant_handler.go:36.73,38.4 1 0
avito-kitchen/backend/internal/handlers/restaurant_handler.go:41.2,42.16 2 0
avito-kitchen/backend/internal/handlers/restaurant_handler.go:42.16,46.3 3 0
avito-kitchen/backend/internal/handlers/restaurant_handler.go:48.2,52.4 2 0
avito-kitchen/backend/internal/handlers/restaurant_handler.go:55.83,58.27 3 0
avito-kitchen/backend/internal/handlers/restaurant_handler.go:58.27,61.3 2 0
avito-kitchen/backend/internal/handlers/restaurant_handler.go:63.2,64.16 2 0
avito-kitchen/backend/internal/handlers/restaurant_handler.go:64.16,65.47 1 0
avito-kitchen/backend/internal/handlers/restaurant_handler.go:65.47,68.4 2 0
avito-kitchen/backend/internal/handlers/restaurant_handler.go:69.3,71.9 3 0
avito-kitchen/backend/internal/handlers/restaurant_handler.go:74.2,75.35 2 0
avito-kitchen/backend/internal/handlers/restaurant_handler.go:79.86,81.64 2 0
avito-kitchen/backend/internal/handlers/restaurant_handler.go:81.64,85.6 3 0
avito-kitchen/backend/internal/handlers/restaurant_handler.go:86.5,86.23 1 0
avito-kitchen/backend/internal/handlers/restaurant_handler.go:86.23,89.6 2 0
avito-kitchen/backend/internal/handlers/restaurant_handler.go:90.5,90.26 1 0
avito-kitchen/backend/internal/handlers/restaurant_handler.go:90.26,93.6 2 0
avito-kitchen/backend/internal/handlers/restaurant_handler.go:94.5,94.55 1 0
avito-kitchen/backend/internal/handlers/restaurant_handler.go:94.55,97.6 2 0
avito-kitchen/backend/internal/handlers/restaurant_handler.go:100.5,101.19 2 0
avito-kitchen/backend/internal/handlers/restaurant_handler.go:101.19,105.6 3 0
avito-kitchen/backend/internal/handlers/restaurant_handler.go:107.5,108.43 2 0
